src/app/App.tsx(652,5): error TS2353: Object literal may only specify known properties, and ''project-detail'' does not exist in type 'Record<View, string>'.
src/app/App.tsx(788,13): error TS2322: Type '{ samples: Sample[]; projects: Project[]; users: User[]; currentUser: User; onNavigate: (view: View) => void; onOpenProject: (projectName: string) => void; onUpdateProject: (id: string, updates: Partial<...>) => Promise<...>; }' is not assignable to type 'IntrinsicAttributes & DashboardProps'.
  Property 'samples' does not exist on type 'IntrinsicAttributes & DashboardProps'.
src/app/components/Dashboard.tsx(96,11): error TS7034: Variable 'weekDays' implicitly has type 'any[]' in some locations where its type cannot be determined.
src/app/components/Dashboard.tsx(129,125): error TS2339: Property 'quotes' does not exist on type '{ jobs: boolean; }'.
src/app/components/Dashboard.tsx(130,67): error TS2339: Property 'quotes' does not exist on type '{ jobs: boolean; }'.
src/app/components/Dashboard.tsx(130,136): error TS2339: Property 'quotes' does not exist on type '{ jobs: boolean; }'.
src/app/components/Dashboard.tsx(133,125): error TS2339: Property 'recurring' does not exist on type '{ jobs: boolean; }'.
src/app/components/Dashboard.tsx(134,67): error TS2339: Property 'recurring' does not exist on type '{ jobs: boolean; }'.
src/app/components/Dashboard.tsx(134,142): error TS2339: Property 'recurring' does not exist on type '{ jobs: boolean; }'.
src/app/components/Dashboard.tsx(158,67): error TS2339: Property 'quotes' does not exist on type '{ jobs: boolean; }'.
src/app/components/Dashboard.tsx(158,136): error TS2339: Property 'quotes' does not exist on type '{ jobs: boolean; }'.
src/app/components/Dashboard.tsx(162,67): error TS2339: Property 'recurring' does not exist on type '{ jobs: boolean; }'.
src/app/components/Dashboard.tsx(162,142): error TS2339: Property 'recurring' does not exist on type '{ jobs: boolean; }'.
src/app/components/Dashboard.tsx(171,32): error TS7005: Variable 'weekDays' implicitly has an 'any[]' type.
src/app/components/Dashboard.tsx(184,48): error TS7015: Element implicitly has an 'any' type because index expression is not of type 'number'.
src/app/components/Dashboard.tsx(195,65): error TS7006: Parameter 'p' implicitly has an 'any' type.
src/app/components/Dashboard.tsx(195,68): error TS7006: Parameter 'pIdx' implicitly has an 'any' type.
src/app/components/GlobalSearch.tsx(30,7): error TS18048: 'sample.sampleId' is possibly 'undefined'.
src/app/components/GlobalSearch.tsx(31,7): error TS18048: 'sample.site' is possibly 'undefined'.
src/app/components/GlobalSearch.tsx(32,7): error TS18048: 'sample.area' is possibly 'undefined'.
src/app/components/GlobalSearch.tsx(33,7): error TS18048: 'sample.equipment' is possibly 'undefined'.
src/app/components/MapView.tsx(149,30): error TS2345: Argument of type '(string | undefined)[]' is not assignable to parameter of type 'string[]'.
  Type 'string | undefined' is not assignable to type 'string'.
    Type 'undefined' is not assignable to type 'string'.
src/app/components/MapView.tsx(150,30): error TS2345: Argument of type '(string | undefined)[]' is not assignable to parameter of type 'string[]'.
  Type 'string | undefined' is not assignable to type 'string'.
    Type 'undefined' is not assignable to type 'string'.
src/app/components/MapView.tsx(151,34): error TS2345: Argument of type '(string | undefined)[]' is not assignable to parameter of type 'string[]'.
  Type 'string | undefined' is not assignable to type 'string'.
    Type 'undefined' is not assignable to type 'string'.
src/app/components/MapView.tsx(440,145): error TS2345: Argument of type 'SampleStatus | undefined' is not assignable to parameter of type 'SampleStatus'.
  Type 'undefined' is not assignable to type 'SampleStatus'.
src/app/components/Reports.tsx(31,162): error TS18048: 'sample.status' is possibly 'undefined'.
