src/app/App.tsx(13,123): error TS6133: 'MapPin' is declared but its value is never read.
src/app/App.tsx(13,131): error TS6133: 'Filter' is declared but its value is never read.
src/app/App.tsx(123,5): error TS2304: Cannot find name 'queueIfOffline'.
src/app/App.tsx(152,5): error TS2304: Cannot find name 'queueIfOffline'.
src/app/App.tsx(185,7): error TS2304: Cannot find name 'queueIfOffline'.
src/app/App.tsx(201,7): error TS2304: Cannot find name 'queueIfOffline'.
src/app/App.tsx(219,7): error TS2304: Cannot find name 'queueIfOffline'.
src/app/App.tsx(254,5): error TS2304: Cannot find name 'queueIfOffline'.
src/app/App.tsx(639,5): error TS2353: Object literal may only specify known properties, and ''project-detail'' does not exist in type 'Record<View, string>'.
src/app/App.tsx(779,13): error TS2322: Type '(view: View) => void' is not assignable to type '(view: string) => void'.
  Types of parameters 'view' and 'view' are incompatible.
    Type 'string' is not assignable to type 'View'.
src/app/App.tsx(1184,13): error TS2322: Type '{ activeTab: "samples" | "files" | "reports"; onTabChange: Dispatch<SetStateAction<"samples" | "files" | "reports">>; samples: Sample[]; files: FileItem[]; ... 13 more ...; onViewMap: () => void; }' is not assignable to type 'IntrinsicAttributes & WorkspaceProps'.
  Property 'auditLog' does not exist on type 'IntrinsicAttributes & WorkspaceProps'.
src/app/components/Dashboard.tsx(4,86): error TS6133: 'CalendarIcon' is declared but its value is never read.
src/app/components/Dashboard.tsx(4,100): error TS6133: 'Bell' is declared but its value is never read.
src/app/components/Dashboard.tsx(4,106): error TS6133: 'Clock' is declared but its value is never read.
src/app/components/Dashboard.tsx(7,18): error TS6133: 'addMonths' is declared but its value is never read.
src/app/components/Dashboard.tsx(7,29): error TS6133: 'subMonths' is declared but its value is never read.
src/app/components/Dashboard.tsx(7,40): error TS6133: 'startOfMonth' is declared but its value is never read.
src/app/components/Dashboard.tsx(7,54): error TS6133: 'endOfMonth' is declared but its value is never read.
src/app/components/Dashboard.tsx(7,90): error TS6133: 'isSameMonth' is declared but its value is never read.
src/app/components/Dashboard.tsx(7,103): error TS6133: 'isSameDay' is declared but its value is never read.
src/app/components/Dashboard.tsx(19,29): error TS6133: 'samples' is declared but its value is never read.
src/app/components/Dashboard.tsx(90,11): error TS7034: Variable 'weekDays' implicitly has type 'any[]' in some locations where its type cannot be determined.
src/app/components/Dashboard.tsx(165,32): error TS7005: Variable 'weekDays' implicitly has an 'any[]' type.
src/app/components/GlobalSearch.tsx(30,7): error TS18048: 'sample.sampleId' is possibly 'undefined'.
src/app/components/GlobalSearch.tsx(31,7): error TS18048: 'sample.site' is possibly 'undefined'.
src/app/components/GlobalSearch.tsx(32,7): error TS18048: 'sample.area' is possibly 'undefined'.
src/app/components/GlobalSearch.tsx(33,14): error TS2339: Property 'equipment' does not exist on type 'Sample'.
src/app/components/GlobalSearch.tsx(125,90): error TS2339: Property 'equipment' does not exist on type 'Sample'.
src/app/components/MapView.tsx(6,1): error TS6133: 'Slider' is declared but its value is never read.
src/app/components/MapView.tsx(7,1): error TS6133: 'Badge' is declared but its value is never read.
src/app/components/MapView.tsx(9,1): error TS6133: 'Input' is declared but its value is never read.
src/app/components/MapView.tsx(13,3): error TS6133: 'EyeOff' is declared but its value is never read.
src/app/components/MapView.tsx(15,3): error TS6133: 'Unlock' is declared but its value is never read.
src/app/components/MapView.tsx(16,3): error TS6133: 'Trash2' is declared but its value is never read.
src/app/components/MapView.tsx(18,3): error TS6133: 'ArrowDown' is declared but its value is never read.
src/app/components/MapView.tsx(19,3): error TS6133: 'RotateCw' is declared but its value is never read.
src/app/components/MapView.tsx(20,3): error TS6133: 'Move' is declared but its value is never read.
src/app/components/MapView.tsx(54,3): error TS6133: 'onDeleteOverlay' is declared but its value is never read.
src/app/components/MapView.tsx(61,3): error TS6133: 'onReorderOverlay' is declared but its value is never read.
src/app/components/MapView.tsx(70,10): error TS6133: 'showLayersPanel' is declared but its value is never read.
src/app/components/MapView.tsx(70,27): error TS6133: 'setShowLayersPanel' is declared but its value is never read.
src/app/components/MapView.tsx(78,10): error TS6133: 'contextMenu' is declared but its value is never read.
src/app/components/MapView.tsx(78,23): error TS6133: 'setContextMenu' is declared but its value is never read.
src/app/components/MapView.tsx(82,22): error TS6133: 'setRiskFilter' is declared but its value is never read.
src/app/components/MapView.tsx(83,22): error TS6133: 'setSiteFilter' is declared but its value is never read.
src/app/components/MapView.tsx(85,27): error TS6133: 'setEquipmentFilter' is declared but its value is never read.
src/app/components/MapView.tsx(86,20): error TS6133: 'setDateFrom' is declared but its value is never read.
src/app/components/MapView.tsx(87,18): error TS6133: 'setDateTo' is declared but its value is never read.
src/app/components/MapView.tsx(140,9): error TS6133: 'handleRotate' is declared but its value is never read.
src/app/components/MapView.tsx(149,9): error TS6133: 'selectedSampleData' is declared but its value is never read.
src/app/components/MapView.tsx(152,9): error TS6133: 'sites' is declared but its value is never read.
src/app/components/MapView.tsx(152,30): error TS2345: Argument of type '(string | undefined)[]' is not assignable to parameter of type 'string[]'.
  Type 'string | undefined' is not assignable to type 'string'.
    Type 'undefined' is not assignable to type 'string'.
src/app/components/MapView.tsx(153,30): error TS2345: Argument of type '(string | undefined)[]' is not assignable to parameter of type 'string[]'.
  Type 'string | undefined' is not assignable to type 'string'.
    Type 'undefined' is not assignable to type 'string'.
src/app/components/MapView.tsx(154,9): error TS6133: 'equipment' is declared but its value is never read.
src/app/components/MapView.tsx(154,53): error TS2339: Property 'equipment' does not exist on type 'Sample'.
src/app/components/MapView.tsx(162,45): error TS2339: Property 'equipment' does not exist on type 'Sample'.
src/app/components/MapView.tsx(184,41): error TS2322: Type '{ x: number; y: number; }' is not assignable to type 'string'.
src/app/components/MapView.tsx(195,34): error TS2339: Property 'x' does not exist on type 'string'.
src/app/components/MapView.tsx(196,34): error TS2339: Property 'y' does not exist on type 'string'.
src/app/components/MapView.tsx(238,7): error TS2353: Object literal may only specify known properties, and 'equipment' does not exist in type 'Omit<Sample, "id">'.
src/app/components/MapView.tsx(424,21): error TS2322: Type '(e: DraggableEvent, d: DraggableData) => void | Promise<void>' is not assignable to type 'DraggableEventHandler'.
  Type 'void | Promise<void>' is not assignable to type 'false | void'.
    Type 'Promise<void>' is not assignable to type 'false | void'.
src/app/components/MapView.tsx(424,34): error TS6133: 'e' is declared but its value is never read.
src/app/components/MapView.tsx(425,36): error TS6133: 'e' is declared but its value is never read.
src/app/components/MapView.tsx(425,39): error TS6133: 'direction' is declared but its value is never read.
src/app/components/MapView.tsx(425,55): error TS6133: 'delta' is declared but its value is never read.
src/app/components/MapView.tsx(440,145): error TS2345: Argument of type 'SampleStatus | undefined' is not assignable to parameter of type 'SampleStatus'.
  Type 'undefined' is not assignable to type 'SampleStatus'.
src/app/components/Reports.tsx(28,25): error TS2339: Property 'level' does not exist on type 'Sample'.
src/app/components/Reports.tsx(30,40): error TS2339: Property 'materialDescription' does not exist on type 'Sample'.
src/app/components/Reports.tsx(31,162): error TS18048: 'sample.status' is possibly 'undefined'.
src/app/components/Reports.tsx(32,29): error TS2339: Property 'condition' does not exist on type 'Sample'.
src/app/components/Reports.tsx(34,37): error TS2339: Property 'amount' does not exist on type 'Sample'.
src/app/components/Reports.tsx(45,26): error TS2339: Property 'materialDescription' does not exist on type 'Sample'.
src/app/components/Samples.tsx(1,21): error TS6133: 'useMemo' is declared but its value is never read.
src/app/components/Samples.tsx(2,72): error TS6133: 'RiskLevel' is declared but its value is never read.
src/app/components/Samples.tsx(3,29): error TS6133: 'CardHeader' is declared but its value is never read.
src/app/components/Samples.tsx(3,41): error TS6133: 'CardTitle' is declared but its value is never read.
src/app/components/Samples.tsx(10,1): error TS6133: 'Textarea' is declared but its value is never read.
src/app/components/Samples.tsx(11,60): error TS6133: 'DialogTrigger' is declared but its value is never read.
src/app/components/Samples.tsx(12,24): error TS6133: 'ClipboardList' is declared but its value is never read.
src/app/components/Sharing.tsx(3,29): error TS6133: 'CardHeader' is declared but its value is never read.
src/app/components/Sharing.tsx(3,41): error TS6133: 'CardTitle' is declared but its value is never read.
src/app/components/UserManagement.tsx(21,52): error TS6133: 'onUpdateUser' is declared but its value is never read.
src/app/components/Workspace.tsx(44,3): error TS6133: 'showTabs' is declared but its value is never read.
src/app/components/Workspace.tsx(45,3): error TS6133: 'currentUser' is declared but its value is never read.
